0000 http://www.mdn.co.jp/di/newstopics/44465/
0001 http://www.mdn.co.jp/di/newstopics/44466/
0002 http://www.gourmetbiz.net/21951/
0003 http://www.gourmetbiz.net/21924/
0004 http://www.fashion-headline.com/article/2016/03/15/13961.html
0005 http://www.fashion-headline.com/article/2016/03/14/13953.html
0006 http://www.fashion-headline.com/article/2016/03/11/13930.html
0007 http://prtimes.jp/main/html/rd/p/000000114.000013943.html
0008 http://prtimes.jp/main/html/rd/p/000000112.000008210.html
0009 http://prtimes.jp/main/html/rd/p/000000175.000004786.html
0010 http://yamatabitabi.com/archives/8230/
0011 http://www.jalan.net/news/article/70929/
0012 http://www.jalan.net/news/article/71033/
0013 http://andpremium.jp/news/kobayashierika-hikari/
0014 https://retrip.jp/articles/30596/
0015 https://retrip.jp/articles/31420/?page=2
0016 http://co-trip.jp/article/49945/
0017 http://www.pref.shizuoka.jp/sangyou/sa-220/27projyectguidance.html
0018 http://www.mishima-kankou.com/event/8635.html
0019 http://www.mishima-kankou.com/event/8637.html
0020 http://www.mishima-kankou.com/event/8634.html
0021 http://www.cyuramono.com/event/kodomonokuni-hanamatsuri2016/
0022 http://www.cyuramono.com/event/kariyushi-million2015/
