0001  http://www.mdn.co.jp/di/newstopics/44520/
0002  http://www.mdn.co.jp/di/newstopics/44465/
0003  http://www.mdn.co.jp/di/newstopics/44466/
0004  http://www.gourmetbiz.net/21806/
0005  http://www.gourmetbiz.net/21951/
0006  http://www.gourmetbiz.net/21924/
0007  http://www.fashion-headline.com/article/2016/03/15/13961.html
0008  http://www.fashion-headline.com/article/2016/03/14/13953.html
0009  http://www.fashion-headline.com/article/2016/03/11/13930.html
0010  http://prtimes.jp/main/html/rd/p/000000114.000013943.html
0011  http://prtimes.jp/main/html/rd/p/000000112.000008210.html
0012  http://prtimes.jp/main/html/rd/p/000000175.000004786.html
0013  http://yamatabitabi.com/archives/8230/
0014  http://yamatabitabi.com/archives/8238/
0015  http://yamatabitabi.com/archives/8193/
0016  http://yamatabitabi.com/archives/7979/
#0017  http://www.jalan.net/news/article/70929/
#0018  http://www.jalan.net/news/article/71033/
0019  http://andpremium.jp/news/kobayashierika-hikari/
0020  https://retrip.jp/articles/30596/
0021  https://retrip.jp/articles/31420/?page=2
0022  http://co-trip.jp/article/49945/
0023  http://www.pref.shizuoka.jp/kikaku/ki-510/syokusaiten36.html
0024  http://www.pref.shizuoka.jp/kikaku/ki-140/taisha.html
0025  http://www.pref.shizuoka.jp/sangyou/sa-110/kenmintaikai1.html
0026  http://www.pref.shizuoka.jp/bousai/event/20160312gensiryokukennminnkouza.html
0027  http://www.pref.shizuoka.jp/kankyou/ka-070/fujisanpage/hujisanbenkyoukai2016.html
0028  http://www.mishima-kankou.com/event/8635.html
0029  http://www.mishima-kankou.com/event/8637.html
0030  http://www.mishima-kankou.com/event/8634.html
0031  http://www.mishima-kankou.com/event/8639.html
0032  http://www.mishima-kankou.com/event/8627.html
0033  http://www.cyuramono.com/event/kodomonokuni-hanamatsuri2016/
0034  http://www.cyuramono.com/event/kariyushi-million2015/
0035  http://www.cyuramono.com/event/okuma-umibiraki2016/
0036  http://www.cyuramono.com/event/moonbeach-yachimun2016/
0037  http://www.cyuramono.com/event/nahameshi2016/
0038  http://evenear.com/event/detail/16692
0039  http://evenear.com/event/detail/16973
0040  http://evenear.com/event/detail/17020
0041  http://evenear.com/event/detail/16976
0042  http://evenear.com/event/detail/16864
0043  http://evenear.com/event/detail/16963
0044  http://evenear.com/event/detail/16844
#0045  http://xn--t8j0g025t.tokyo/2016/03/21/%E4%B8%89%E6%B8%93%E5%9C%92%E3%81%AE%E6%A1%9C%E8%A6%8B%E9%A0%83%E3%83%BB%E9%96%8B%E8%8A%B1%E6%83%85%E5%A0%B1%E3%83%BB%E5%A4%9C%E6%A1%9C%E3%83%A9%E3%82%A4%E3%83%88%E3%82%A2%E3%83%83%E3%83%97/
#0046  http://xn--t8j0g025t.tokyo/2016/03/15/%E9%83%BD%E7%AB%8B%E5%85%89%E3%81%8C%E4%B8%98%E5%85%AC%E5%9C%92%E3%81%AE%E6%A1%9C%E3%81%8A%E8%8A%B1%E8%A6%8B2016%E9%96%8B%E8%8A%B1%E7%8A%B6%E6%B3%81%E3%83%BB%E8%A6%8B%E9%A0%83%E6%83%85%E5%A0%B1/
#0047  http://xn--t8j0g025t.tokyo/2016/03/14/%E7%8B%AD%E5%B1%B1%E5%85%AC%E5%9C%92%E6%A1%9C%E3%81%BE%E3%81%A4%E3%82%8A%E9%96%8B%E8%8A%B1%E7%8A%B6%E6%B3%81%E3%83%BB%E8%A6%8B%E9%A0%83/
#0048  http://xn--t8j0g025t.tokyo/2016/03/01/%E4%BC%8A%E5%8B%A2%E5%8E%9F%E5%B8%82%E5%A4%A7%E5%B1%B1%E3%81%A8%E3%81%86%E3%81%B5%E3%81%BE%E3%81%A4%E3%82%8A%E6%97%A5%E6%99%82%E9%A7%90%E8%BB%8A%E5%A0%B4/
#0049  http://xn--t8j0g025t.tokyo/2016/02/13/%E9%AB%98%E5%B0%BE%E5%B1%B1%E7%81%AB%E6%B8%A1%E3%82%8A%E7%A5%AD%E3%82%8A2016%E6%97%A5%E7%A8%8B%E3%83%BB%E6%99%82%E9%96%93%E3%83%BB%E3%82%A2%E3%82%AF%E3%82%BB%E3%82%B9%E5%9C%B0%E5%9B%B3/
#0050  http://xn--t8j0g025t.tokyo/2016/02/12/%E5%9C%9F%E6%B5%A6%E3%81%AE%E9%9B%9B%E3%81%BE%E3%81%A4%E3%82%8A2016%E6%9C%9F%E9%96%93%E3%83%BB%E3%82%A2%E3%82%AF%E3%82%BB%E3%82%B9%E5%9C%B0%E5%9B%B3%E3%83%BB%E9%A7%90%E8%BB%8A%E5%A0%B4/
#0051  http://xn--t8j0g025t.tokyo/2016/02/01/%E3%81%AD%E3%81%93%E3%83%95%E3%82%A7%E3%82%B9in%E7%9F%B3%E7%A5%9E%E4%BA%95%E5%85%AC%E5%9C%922016%E6%97%A5%E7%A8%8B%E3%83%BB%E6%99%82%E9%96%93/
0052  http://seeingtokyo.jp/ja/2016/03/15/24th-stpdpt/
0053  http://seeingtokyo.jp/ja/2016/03/15/iloveireland2016/
0054  http://seeingtokyo.jp/ja/2016/03/15/happy-day-tokyo-2016/
0055  http://seeingtokyo.jp/ja/2016/03/17/%E8%A5%BF%E8%8D%BB%E3%83%A9%E3%83%90%E3%83%BC%E3%82%BA%E3%83%95%E3%82%A7%E3%82%B9/
0056  http://seeingtokyo.jp/ja/2016/03/17/%E7%AC%AC16%E5%9B%9E-japan%E3%83%89%E3%83%A9%E3%83%83%E3%82%B0%E3%82%B9%E3%83%88%E3%82%A2%E3%82%B7%E3%83%A7%E3%83%BC/
0057  http://seeingtokyo.jp/ja/2016/03/17/%E3%83%9E%E3%83%9E%E3%82%B5%E3%82%AB%E3%82%B92016/
0058  http://seeingtokyo.jp/ja/2016/03/16/%E6%97%A5%E6%9C%AC%E6%A9%8B-%E6%A1%9C%E3%83%95%E3%82%A7%E3%82%B9%E3%83%86%E3%82%A3%E3%83%90%E3%83%AB/
0059  http://seeingtokyo.jp/ja/2016/03/10/2016-spring-%E7%A7%8B%E8%91%89%E5%8E%9F%E9%9B%BB%E6%B0%97%E8%A1%97%E3%81%BE%E3%81%A4%E3%82%8A/
0060  http://seeingtokyo.jp/ja/2016/03/17/%E3%81%97%E3%81%A0%E3%82%8C%E6%A1%9C%E3%81%A8%E5%A4%A7%E5%90%8D%E5%BA%AD%E5%9C%92%E3%81%AE%E3%83%A9%E3%82%A4%E3%83%88%E3%82%A2%E3%83%83%E3%83%97/
0061  http://seeingtokyo.jp/ja/2016/03/10/%E9%AB%98%E5%B0%BE%E6%A2%85%E9%83%B7%E6%A2%85%E3%81%BE%E3%81%A4%E3%82%8A/
0062  http://seeingtokyo.jp/ja/2016/03/07/%E7%89%B9%E5%88%A5%E5%B1%95%E3%80%8C%E6%81%90%E7%AB%9C%E5%8D%9A2016%E3%80%8D/
0063  http://www.kanagawa-kankou.or.jp/event/ev_detail.php?eid=ek10639
0064  http://www.kanagawa-kankou.or.jp/event/ev_detail.php?eid=ek10761
0065  http://www.kanagawa-kankou.or.jp/event/ev_detail.php?eid=ek10762
0066  http://www.kanagawa-kankou.or.jp/event/ev_detail.php?eid=ek10747
0067  http://www.mod.go.jp/pco/kanagawa/bosyu-madoguti/odawara/oshirase2.html
0068  http://www.mod.go.jp/gsdf/ea/eaband/Schedule.html
0069  http://www.osaka-info.jp/jp/events/art_exhibitions/post_216.html
0070  http://www.osaka-info.jp/jp/events/family_friendly/2015_1.html
0071  http://www.osaka-info.jp/jp/events/other_events/2016_4.html
0072  http://www.osaka-info.jp/jp/events/art_exhibitions/post_210.html
0073  http://www.osaka-info.jp/jp/events/theatre/post_211.html
0074  http://www.livingfk.com/event/archives/3981
0075  http://www.livingfk.com/event/archives/4021
0076  http://www.livingfk.com/event/archives/4013
0077  http://www.crossroadfukuoka.jp/event/?mode=detail&id=400000009049
0078  http://www.crossroadfukuoka.jp/event/?mode=detail&id=400000009048
0079  http://www.crossroadfukuoka.jp/event/?mode=detail&id=400000008472
0080  http://hakatanomiryoku.com/event/15759.html
0081  http://hakatanomiryoku.com/event/16001.html
0082  http://hakatanomiryoku.com/event/15889.html
0083  http://dd.hokkaido-np.co.jp/event/025876.html?page=1&event_position=EventId2016032225876
0084  http://dd.hokkaido-np.co.jp/event/025643.html?page=1&event_position=EventId2016032225643
0085  http://dd.hokkaido-np.co.jp/event/026368.html?page=3&event_position=EventId2016032226368
#0086  http://www.tif.ne.jp/jp/event/event_disp.php?id=3588
#0087  http://www.tif.ne.jp/jp/event/event_disp.php?id=2808
#0088  http://www.tif.ne.jp/jp/event/event_disp.php?id=3612
#0089  http://www.tif.ne.jp/jp/event/event_disp.php?id=2418
#0090  http://www.tif.ne.jp/jp/event/event_disp.php?id=3692
0091  http://maruchiba.jp/sys/data/index/page/id/13563
0092  http://maruchiba.jp/sys/data/index/page/id/17132
0093  http://maruchiba.jp/sys/data/index/page/id/16291
0094  http://www.chibacity-ta.or.jp/events/event/hujinohoshigoyomi2016
0095  http://www.chibacity-ta.or.jp/events/event/coopmiraifesta2016
0096  http://www.chibacity-ta.or.jp/events/event/5th-chibadentoubunkanomorimatsuri
0097  http://www.city.saitama.jp/004/001/002/005/urawa/p046447.html
0098  http://www.city.saitama.jp/004/001/002/005/chuo/p045792.html
0099  https://www.pref.gunma.jp/event/ev12000178.html
0100  http://www.city.maebashi.gunma.jp/653/655/p015478.html
0101  http://gunma-dc.net/45007
0102  http://gunma-dc.net/44989
0103  http://www.shikoku.gr.jp/event/94
0104  http://www.shikoku.gr.jp/event/172
0105  http://www.shikoku.gr.jp/event/62
0106  http://www.shikoku.gr.jp/event/134
0107  http://www.welcomekyushu.jp/event/?mode=detail&id=9999900039300
0108  http://www.welcomekyushu.jp/event/?mode=detail&id=9999900039398
0109  http://www.kalons.net/index.php?option=com_content&view=article&id=11437&catid=339&lang=ja
0110  http://www.kalons.net/index.php?option=com_content&view=article&id=11436&catid=339&lang=ja
0111  http://www.kalons.net/index.php?option=com_content&view=article&id=11435&catid=339&lang=ja
0112  http://numero.jp/news-20160129-atushitoyama/
0113  http://www.afpbb.com/articles/modepress/3075014
0114  http://www.nagano-tabi.net/modules/event/index.php?event_id=0000003261
